  Pull Up/Down RPi4               28   24   20   16   12    8    4    0
0x00000000  PullSel0            0000 0000 0000 0000 0000 0000 0000 0000
0x00000000  PullSel1            0000 0000 0000 0000 0000 0000 0000 0000
0x00000000  PullSel2            0000 0000 0000 0000 0000 0000 0000 0000
0x00000000  PullSel3            0000 0000 0000 0000 0000 0000 0000 0000

            w0_Direction        zzzz zzzz zzzz zzzz zzzz zzzz zzzz zzzz
            w1_Direction        .... ..zz zzzz zzzz zzzz zzzz zzzz zzzz

0x00000000  w0_Up               0000 0000 0000 0000 0000 0000 0000 0000
0x00000000  w0_Down             0000 0000 0000 0000 0000 0000 0000 0000
0xffffffff  w0_Off              1111 1111 1111 1111 1111 1111 1111 1111
0x00000000  w0_Unknown          0000 0000 0000 0000 0000 0000 0000 0000

0x00000000  w1_Up               0000 0000 0000 0000 0000 0000 0000 0000
0x00000000  w1_Down             0000 0000 0000 0000 0000 0000 0000 0000
0xffffffff  w1_Off              1111 1111 1111 1111 1111 1111 1111 1111
0x00000000  w1_Unknown          0000 0000 0000 0000 0000 0000 0000 0000
