+ Modify bits
+ Read registers
  Pull Up/Down RPi4               28   24   20   16   12    8    4    0
0x01005401  PullSel0            0000 0001 0000 0000 0101 0100 0000 0001
0x40010000  PullSel1            0100 0000 0000 0001 0000 0000 0000 0000
0x00000001  PullSel2            0000 0000 0000 0000 0000 0000 0000 0001
0x00040000  PullSel3            0000 0000 0000 0100 0000 0000 0000 0000

            w0_Direction        1zzz zzz1 zzzz zzzz zzz1 zzzz 111z zzz1
            w1_Direction        .... ..1z zzzz zzzz zzzz zzzz zzzz zzz1

0x810010e1  w0_Up               1000 0001 0000 0000 0001 0000 1110 0001
0x00000000  w0_Down             0000 0000 0000 0000 0000 0000 0000 0000
0x7effef1e  w0_Off              0111 1110 1111 1111 1110 1111 0001 1110
0x00000000  w0_Unknown          0000 0000 0000 0000 0000 0000 0000 0000

0x02000001  w1_Up               0000 0010 0000 0000 0000 0000 0000 0001
0x00000000  w1_Down             0000 0000 0000 0000 0000 0000 0000 0000
0xfdfffffe  w1_Off              1111 1101 1111 1111 1111 1111 1111 1110
0x00000000  w1_Unknown          0000 0000 0000 0000 0000 0000 0000 0000
