+ Modify words
+ Read registers
  Pull Up/Down RPi4               28   24   20   16   12    8    4    0
0x000a002a  PullSel0            0000 0000 0000 1010 0000 0000 0010 1010
0xaaaaaaaa  PullSel1            1010 1010 1010 1010 1010 1010 1010 1010
0x00000000  PullSel2            0000 0000 0000 0000 0000 0000 0000 0000
0xaaaaaaaa  PullSel3            1010 1010 1010 1010 1010 1010 1010 1010

            w0_Direction        0000 0000 0000 0000 zzzz zz00 zzzz z000
            w1_Direction        .... ..00 0000 0000 zzzz zzzz zzzz zzzz

0x00000000  w0_Up               0000 0000 0000 0000 0000 0000 0000 0000
0xffff0307  w0_Down             1111 1111 1111 1111 0000 0011 0000 0111
0x0000fcf8  w0_Off              0000 0000 0000 0000 1111 1100 1111 1000
0x00000000  w0_Unknown          0000 0000 0000 0000 0000 0000 0000 0000

0x00000000  w1_Up               0000 0000 0000 0000 0000 0000 0000 0000
0xffff0000  w1_Down             1111 1111 1111 1111 0000 0000 0000 0000
0x0000ffff  w1_Off              0000 0000 0000 0000 1111 1111 1111 1111
0x00000000  w1_Unknown          0000 0000 0000 0000 0000 0000 0000 0000
