+ Apply registers
+ Read registers
  Pull Up/Down RPi4               28   24   20   16   12    8    4    0
0x55aa00ff  PullSel0            0101 0101 1010 1010 0000 0000 1111 1111
0x5a0f5a0f  PullSel1            0101 1010 0000 1111 0101 1010 0000 1111
0xaaaa5555  PullSel2            1010 1010 1010 1010 0101 0101 0101 0101
0x5555aaaa  PullSel3            0101 0101 0101 0101 1010 1010 1010 1010

            w0_Direction        1100 zz?? 1100 zz?? 1111 0000 zzzz ????
            w1_Direction        .... ..11 0000 0000 0000 0000 1111 1111

0xc0c0f000  w0_Up               1100 0000 1100 0000 1111 0000 0000 0000
0x30300f00  w0_Down             0011 0000 0011 0000 0000 1111 0000 0000
0x0c0c00f0  w0_Off              0000 1100 0000 1100 0000 0000 1111 0000
0x0303000f  w0_Unknown          0000 0011 0000 0011 0000 0000 0000 1111

0xff0000ff  w1_Up               1111 1111 0000 0000 0000 0000 1111 1111
0x00ffff00  w1_Down             0000 0000 1111 1111 1111 1111 0000 0000
0x00000000  w1_Off              0000 0000 0000 0000 0000 0000 0000 0000
0x00000000  w1_Unknown          0000 0000 0000 0000 0000 0000 0000 0000
