  0.CtlReg= 0x5a000000
  0.DivReg= 0x5a000fff
  0.Mash_2=   0
  0.Flip_1=   0
  0.Busy_1=   0
  0.Kill_1=   0
  0.Enable_1= 0
  0.Source_4= 0
  0.DivI_12=  0
  0.DivF_12=  4095

