    IO pin operations
usage:  rgpio io [options..]  [reg..]
    reg                 register name, as shown with --all
  register groups:  (accumulate)
    --w0                pin Level, Event, Detect word 0 (default)
    --w1                pin Level, Event, Detect word 1 (default)
    --fsel              Fsel function select registers
    --pud               pin PullUpDown registers
    --all               all registers above
  register group modifiers on --w0 --w1:
    --raw               show rgPin* instead of virtual PinLevel*
  modify:  (32-bit values)
    --set=0xff..        set mask bits
    --clr=0xff..        clear mask bits
    --mask=0xff..       mask to select bits of --value
    --value=0x00..      bit values selected by --mask
  options:
    --help              show this usage
    -v, --verbose       verbose output, show registers in binary
    --debug             debug output
  (options with GNU= only)
