IO Pin Registers:                 28   24   20   16   12    8    4    0
0x00000000  PinLevel_w0         0000 0000 0000 0000 0000 0000 0000 0000
0x00000000  EventStatus_w0      0000 0000 0000 0000 0000 0000 0000 0000
0x00000000  DetectRise_w0       0000 0000 0000 0000 0000 0000 0000 0000
0x00000000  DetectFall_w0       0000 0000 0000 0000 0000 0000 0000 0000
0x00000000  DetectHigh_w0       0000 0000 0000 0000 0000 0000 0000 0000
0x00000000  DetectLow_w0        0000 0000 0000 0000 0000 0000 0000 0000
0x00000000  DetectAsyncRise_w0  0000 0000 0000 0000 0000 0000 0000 0000
0x00000000  DetectAsyncFall_w0  0000 0000 0000 0000 0000 0000 0000 0000

0x00000000  PinLevel_w1         0000 0000 0000 0000 0000 0000 0000 0000
0x00000000  EventStatus_w1      0000 0000 0000 0000 0000 0000 0000 0000
0x00000000  DetectRise_w1       0000 0000 0000 0000 0000 0000 0000 0000
0x00000000  DetectFall_w1       0000 0000 0000 0000 0000 0000 0000 0000
0x00000000  DetectHigh_w1       0000 0000 0000 0000 0000 0000 0000 0000
0x00000000  DetectLow_w1        0000 0000 0000 0000 0000 0000 0000 0000
0x00000000  DetectAsyncRise_w1  0000 0000 0000 0000 0000 0000 0000 0000
0x00000000  DetectAsyncFall_w1  0000 0000 0000 0000 0000 0000 0000 0000

0x00000000  PudProgMode         0000 0000 0000 0000 0000 0000 0000 0000
0x00000000  PudProgClk_w0       0000 0000 0000 0000 0000 0000 0000 0000
0x00000000  PudProgClk_w1       0000 0000 0000 0000 0000 0000 0000 0000

0x00000000  Fsel0               0000 0000 0000 0000 0000 0000 0000 0000
0x00000000  Fsel1               0000 0000 0000 0000 0000 0000 0000 0000
0x00000000  Fsel2               0000 0000 0000 0000 0000 0000 0000 0000
0x00000000  Fsel3               0000 0000 0000 0000 0000 0000 0000 0000
0x00000000  Fsel4               0000 0000 0000 0000 0000 0000 0000 0000
0x00000000  Fsel5               0000 0000 0000 0000 0000 0000 0000 0000
