 Pin   Gpio    Mode  Function
  1    --      --    +3.3V
    2  --      --    +5V
  3    Gpio2   Alt0  iic1_SDA
    4  --      --    +5V
  5    Gpio3   Alt0  iic1_SCL
    6  --      --    GND
  7    Gpio4   Alt0  gp_CLK0
    8  Gpio14  Alt0  u0_TXD
  9    --      --    GND
   10  Gpio15  Alt0  u0_RXD
 11    Gpio17  Alt0  --
   12  Gpio18  Alt0  pcm_CLK
 13    Gpio27  Alt0  sd0_DAT3
   14  --      --    GND
 15    Gpio22  Alt0  sd0_CLK
   16  Gpio23  Alt0  sd0_CMD
 17    --      --    +3.3V
   18  Gpio24  Alt0  sd0_DAT0
 19    Gpio10  Alt0  spi0_MOSI
   20  --      --    GND
 21    Gpio9   Alt0  spi0_MISO
   22  Gpio25  Alt0  sd0_DAT1
 23    Gpio11  Alt0  spi0_SCLK
   24  Gpio8   Alt0  spi0_CE0_n
 25    --      --    GND
   26  Gpio7   Alt0  spi0_CE1_n
 27    Gpio0   Alt0  iic0_SDA
   28  Gpio1   Alt0  iic0_SCL
 29    Gpio5   Alt0  gp_CLK1
   30  --      --    GND
 31    Gpio6   Alt0  gp_CLK2
   32  Gpio12  Alt0  pwm0_CH1
 33    Gpio13  Alt0  pwm0_CH2
   34  --      --    GND
 35    Gpio19  Alt0  pcm_FS
   36  Gpio16  Alt0  --
 37    Gpio26  Alt0  sd0_DAT2
   38  Gpio20  Alt0  pcm_DIN
 39    --      --    GND
   40  Gpio21  Alt0  pcm_DOUT
