 Pin   Gpio    Mode  Function
 27    Gpio0   Alt4  **
   28  Gpio1   Alt4  **
  3    Gpio2   Alt4  **
  5    Gpio3   Alt4  **
  7    Gpio4   Alt4  **
 29    Gpio5   Alt4  **
 31    Gpio6   Alt4  **
   26  Gpio7   Alt4  **
   24  Gpio8   Alt4  **
 21    Gpio9   Alt4  **
 19    Gpio10  Alt4  **
 23    Gpio11  Alt4  **
   32  Gpio12  Alt4  **
 33    Gpio13  Alt4  **
    8  Gpio14  Alt4  **
   10  Gpio15  Alt4  **
   36  Gpio16  Alt4  spi1_CE2_n
 11    Gpio17  Alt4  spi1_CE1_n
   12  Gpio18  Alt4  spi1_CE0_n
 35    Gpio19  Alt4  spi1_MISO
   38  Gpio20  Alt4  spi1_MOSI
   40  Gpio21  Alt4  spi1_SCLK
 15    Gpio22  Alt4  arm_TRST
   16  Gpio23  Alt4  arm_RTCK
   18  Gpio24  Alt4  arm_TDO
   22  Gpio25  Alt4  arm_TCK
 37    Gpio26  Alt4  arm_TDI
 13    Gpio27  Alt4  arm_TMS
