 Pin  Gpio    Alt0       Alt1       Alt2       Alt3       Alt4       Alt5
  1   +3.3V   --         --         --         --         --         --        
    2 +5V     --         --         --         --         --         --        
  3   Gpio2   iic1_SDA   sm_A3      dpi_VSYNC  **         **         **        
    4 +5V     --         --         --         --         --         --        
  5   Gpio3   iic1_SCL   sm_A2      dpi_HSYNC  **         **         **        
    6 GND     --         --         --         --         --         --        
  7   Gpio4   gp_CLK0    sm_A1      dpi_D0     **         **         arm_TDI   
    8 Gpio14  u0_TXD     sm_D6      dpi_D10    **         **         u1_TXD    
  9   GND     --         --         --         --         --         --        
   10 Gpio15  u0_RXD     sm_D7      dpi_D11    **         **         u1_RXD    
 11   Gpio17  --         sm_D9      dpi_D13    u0_RTS     spi1_CE1_n u1_RTS    
   12 Gpio18  pcm_CLK    sm_D10     dpi_D14    bsc_MOSI   spi1_CE0_n pwm0_CH1  
 13   Gpio27  sd0_DAT3   --         dpi_D23    sd1_DAT3   arm_TMS    **        
   14 GND     --         --         --         --         --         --        
 15   Gpio22  sd0_CLK    sm_D14     dpi_D18    sd1_CLK    arm_TRST   **        
   16 Gpio23  sd0_CMD    sm_D15     dpi_D19    sd1_CMD    arm_RTCK   **        
 17   +3.3V   --         --         --         --         --         --        
   18 Gpio24  sd0_DAT0   sm_D16     dpi_D20    sd1_DAT0   arm_TDO    **        
 19   Gpio10  spi0_MOSI  sm_D2      dpi_D6     **         **         **        
   20 GND     --         --         --         --         --         --        
 21   Gpio9   spi0_MISO  sm_D1      dpi_D5     **         **         **        
   22 Gpio25  sd0_DAT1   sm_D17     dpi_D21    sd1_DAT1   arm_TCK    **        
 23   Gpio11  spi0_SCLK  sm_D3      dpi_D7     **         **         **        
   24 Gpio8   spi0_CE0_n sm_D0      dpi_D4     **         **         **        
 25   GND     --         --         --         --         --         --        
   26 Gpio7   spi0_CE1_n sm_WE_n    dpi_D3     **         **         **        
 27   Gpio0   iic0_SDA   sm_A5      dpi_PCLK   **         **         **        
   28 Gpio1   iic0_SCL   sm_A4      dpi_DE     **         **         **        
 29   Gpio5   gp_CLK1    sm_A0      dpi_D1     **         **         arm_TDO   
   30 GND     --         --         --         --         --         --        
 31   Gpio6   gp_CLK2    sm_OE_n    dpi_D2     **         **         arm_RTCK  
   32 Gpio12  pwm0_CH1   sm_D4      dpi_D8     **         **         arm_TMS   
 33   Gpio13  pwm0_CH2   sm_D5      dpi_D9     **         **         arm_TCK   
   34 GND     --         --         --         --         --         --        
 35   Gpio19  pcm_FS     sm_D11     dpi_D15    bsc_SCLK   spi1_MISO  pwm0_CH2  
   36 Gpio16  --         sm_D8      dpi_D12    u0_CTS     spi1_CE2_n u1_CTS    
 37   Gpio26  sd0_DAT2   --         dpi_D22    sd1_DAT2   arm_TDI    **        
   38 Gpio20  pcm_DIN    sm_D12     dpi_D16    bsc_MISO   spi1_MOSI  gp_CLK0   
 39   GND     --         --         --         --         --         --        
   40 Gpio21  pcm_DOUT   sm_D13     dpi_D17    bsc_CE_n   spi1_SCLK  gp_CLK1   
