              a5= sRIO[], a6= pRIO[], a7= PIO[]
 Pin  Gpio    a0         a1         a2         a3         a4         a8
  1   +3.3V   --         --         --         --         --         --        
    2 +5V     --         --         --         --         --         --        
  3   Gpio2   spi0_CSn3  dpi_VSYNC  u1_CTS     iic1_SDA   u0_IR_RX   spi2_SIO0 
    4 +5V     --         --         --         --         --         --        
  5   Gpio3   spi0_CSn2  dpi_HSYNC  u1_RTS     iic1_SCL   u0_IR_TX   spi2_SCLK 
    6 GND     --         --         --         --         --         --        
  7   Gpio4   gp_CLK0    dpi_D0     u2_TX      iic2_SDA   u0_RI      spi3_CSn0 
    8 Gpio14  pwm0_CH2   dpi_D10    u4_CTS     iic3_SDA   u0_TX      spi5_SIO0 
  9   GND     --         --         --         --         --         --        
   10 Gpio15  pwm0_CH3   dpi_D11    u4_RTS     iic3_SCL   u0_RX      spi5_SCLK 
 11   Gpio17  spi1_CSn1  dpi_D13    mipi1_DSI_TE --         u0_RTS     --        
   12 Gpio18  spi1_CSn0  dpi_D14    iis0_SCLK  pwm0_CH2   iis1_SCLK  gp_CLK1   
 13   Gpio27  sd0_DAT3   dpi_D23    iis0_SDO3  audio_IN1  iis1_SDO3  spi1_CSn1 
   14 GND     --         --         --         --         --         --        
 15   Gpio22  sd0_CLK    dpi_D18    iis0_SDI1  iic3_SDA   iis1_SDI1  --        
   16 Gpio23  sd0_CMD    dpi_D19    iis0_SDO1  iic3_SCL   iis1_SDO1  --        
 17   +3.3V   --         --         --         --         --         --        
   18 Gpio24  sd0_DAT0   dpi_D20    iis0_SDI2  --         iis1_SDI2  spi2_CSn1 
 19   Gpio10  spi0_SIO0  dpi_D6     u3_CTS     iic1_SDA   --         spi4_SIO1 
   20 GND     --         --         --         --         --         --        
 21   Gpio9   spi0_SIO1  dpi_D5     u3_RX      iic0_SCL   --         spi4_SIO0 
   22 Gpio25  sd0_DAT1   dpi_D21    iis0_SDO2  audio_CLK  iis1_SDO2  spi3_CSn1 
 23   Gpio11  spi0_SCLK  dpi_D7     u3_RTS     iic1_SCL   --         spi4_SCLK 
   24 Gpio8   spi0_CSn0  dpi_D4     u3_TX      iic0_SDA   --         spi4_CSn0 
 25   GND     --         --         --         --         --         --        
   26 Gpio7   spi0_CSn1  dpi_D3     u2_RTS     iic3_SCL   u0_DSR     spi3_SCLK 
 27   Gpio0   spi0_SIO3  dpi_PCLK   u1_TX      iic0_SDA   --         spi2_CSn0 
   28 Gpio1   spi0_SIO2  dpi_DE     u1_RX      iic0_SCL   --         spi2_SIO1 
 29   Gpio5   gp_CLK1    dpi_D1     u2_RX      iic2_SCL   u0_DTR     spi3_SIO1 
   30 GND     --         --         --         --         --         --        
 31   Gpio6   gp_CLK2    dpi_D2     u2_CTS     iic3_SDA   u0_DCD     spi3_SIO0 
   32 Gpio12  pwm0_CH0   dpi_D8     u4_TX      iic2_SDA   audio_OUTL spi5_CSn0 
 33   Gpio13  pwm0_CH1   dpi_D9     u4_RX      iic2_SCL   audio_OUTR spi5_SIO1 
   34 GND     --         --         --         --         --         --        
 35   Gpio19  spi1_SIO1  dpi_D15    iis0_WS    pwm0_CH3   iis1_WS    --        
   36 Gpio16  spi1_CSn2  dpi_D12    mipi0_DSI_TE --         u0_CTS     --        
 37   Gpio26  sd0_DAT2   dpi_D22    iis0_SDI3  audio_IN0  iis1_SDI3  spi5_CSn1 
   38 Gpio20  spi1_SIO0  dpi_D16    iis0_SDI0  gp_CLK0    iis1_SDI0  --        
 39   GND     --         --         --         --         --         --        
   40 Gpio21  spi1_SCLK  dpi_D17    iis0_SDO0  gp_CLK1    iis1_SDO0  --        
