 Pin   Gpio    Mode  Function
 27    Gpio0   In    input
   28  Gpio1   In    input
  3    Gpio2   In    input
  5    Gpio3   In    input
  7    Gpio4   In    input
 29    Gpio5   In    input
 31    Gpio6   In    input
   26  Gpio7   In    input
   24  Gpio8   In    input
 21    Gpio9   In    input
 19    Gpio10  In    input
 23    Gpio11  In    input
   32  Gpio12  In    input
 33    Gpio13  In    input
    8  Gpio14  In    input
   10  Gpio15  In    input
   36  Gpio16  In    input
 11    Gpio17  In    input
   12  Gpio18  In    input
 35    Gpio19  In    input
   38  Gpio20  In    input
   40  Gpio21  In    input
 15    Gpio22  In    input
   16  Gpio23  In    input
   18  Gpio24  In    input
   22  Gpio25  In    input
 37    Gpio26  In    input
 13    Gpio27  In    input
  1    --      --    +3.3V
    2  --      --    +5V
    4  --      --    +5V
    6  --      --    GND
  9    --      --    GND
   14  --      --    GND
 17    --      --    +3.3V
   20  --      --    GND
 25    --      --    GND
   30  --      --    GND
   34  --      --    GND
 39    --      --    GND
