 Pin   Gpio    Mode  Function
  1    --      --    +3.3V
    2  --      --    +5V
  3    Gpio2   a0    spi0_CSn3
    4  --      --    +5V
  5    Gpio3   a0    spi0_CSn2
    6  --      --    GND
  7    Gpio4   a0    gp_CLK0
    8  Gpio14  a0    pwm0_CH2
  9    --      --    GND
   10  Gpio15  a0    pwm0_CH3
 11    Gpio17  a0    spi1_CSn1
   12  Gpio18  a0    spi1_CSn0
 13    Gpio27  a0    sd0_DAT3
   14  --      --    GND
 15    Gpio22  a0    sd0_CLK
   16  Gpio23  a0    sd0_CMD
 17    --      --    +3.3V
   18  Gpio24  a0    sd0_DAT0
 19    Gpio10  a0    spi0_SIO0
   20  --      --    GND
 21    Gpio9   a0    spi0_SIO1
   22  Gpio25  a0    sd0_DAT1
 23    Gpio11  a0    spi0_SCLK
   24  Gpio8   a0    spi0_CSn0
 25    --      --    GND
   26  Gpio7   a0    spi0_CSn1
 27    Gpio0   a0    spi0_SIO3
   28  Gpio1   a0    spi0_SIO2
 29    Gpio5   a0    gp_CLK1
   30  --      --    GND
 31    Gpio6   a0    gp_CLK2
   32  Gpio12  a0    pwm0_CH0
 33    Gpio13  a0    pwm0_CH1
   34  --      --    GND
 35    Gpio19  a0    spi1_SIO1
   36  Gpio16  a0    spi1_CSn2
 37    Gpio26  a0    sd0_DAT2
   38  Gpio20  a0    spi1_SIO0
 39    --      --    GND
   40  Gpio21  a0    spi1_SCLK
