 Pin   Gpio    Mode  Function
 27    Gpio0   a5    sRIO[0]
   28  Gpio1   a5    sRIO[1]
  3    Gpio2   a5    sRIO[2]
  5    Gpio3   a5    sRIO[3]
  7    Gpio4   a5    sRIO[4]
 29    Gpio5   a5    sRIO[5]
 31    Gpio6   a5    sRIO[6]
   26  Gpio7   a5    sRIO[7]
   24  Gpio8   a5    sRIO[8]
 21    Gpio9   a5    sRIO[9]
 19    Gpio10  a5    sRIO[10]
 23    Gpio11  a5    sRIO[11]
   32  Gpio12  a5    sRIO[12]
 33    Gpio13  a5    sRIO[13]
    8  Gpio14  a5    sRIO[14]
   10  Gpio15  a5    sRIO[15]
   36  Gpio16  a5    sRIO[16]
 11    Gpio17  a5    sRIO[17]
   12  Gpio18  a5    sRIO[18]
 35    Gpio19  a5    sRIO[19]
   38  Gpio20  a5    sRIO[20]
   40  Gpio21  a5    sRIO[21]
 15    Gpio22  a5    sRIO[22]
   16  Gpio23  a5    sRIO[23]
   18  Gpio24  a5    sRIO[24]
   22  Gpio25  a5    sRIO[25]
 37    Gpio26  a5    sRIO[26]
 13    Gpio27  a5    sRIO[27]
