   Cntl      = 0x11111111
   Stat      = 0x22222222
   DmaConf   = 0x33333333
   Fifo      = 0x00000000
   Ch2Range  = 0x44444444
   Ch2Data   = 0x55555555
   Ch1Range  = 0x66666666
   Ch1Data   = 0x77777777
 Cntl
   Ch2_MsEnable_1  = 0
   Ch2_UseFifo_1   = 0
   Ch2_Invert_1    = 1
   Ch2_IdleBit_1   = 0
   Ch2_Repeat_1    = 0
   Ch2_SerMode_1   = 0
   Ch2_Enable_1    = 1
   ClearFifo_1     = 0
   Ch1_MsEnable_1  = 0
   Ch1_UseFifo_1   = 0
   Ch1_Invert_1    = 1
   Ch1_IdleBit_1   = 0
   Ch1_Repeat_1    = 0
   Ch1_SerMode_1   = 0
   Ch1_Enable_1    = 1
 Stat
   Ch2_Active_1    = 0
   Ch1_Active_1    = 1
   BusError_1      = 0
   Ch2_GapErr_1    = 1
   Ch1_GapErr_1    = 0
   FifoReadErr_1   = 0
   FifoWriteErr_1  = 0
   FifoEmpty_1     = 1
   FifoFull_1      = 0
 DmaConf
   DmaEnable_1     = 0
   DmaPanicLev_8   = 51
   DmaReqLev_8     = 51
