Iic0:
+ Grab regs
   0.Cntl    = 0x00000000
   0.Stat    = 0x00000000
   0.DatLen  = 0x00000000
   0.Addr    = 0x00000000
   0.ClkDiv  = 0x00000000
   0.Delay   = 0x00000000
   0.ClkStr  = 0x00000000
 Cntl
   0.IicEnable_1   = 0
   0.IrqRxHalf_1   = 0
   0.IrqTxHalf_1   = 0
   0.IrqDone_1     = 0
   0.StartTrans_1  = 0
   0.ClearFifo_2   = 0
   0.ReadPacket_1  = 0
 Stat
   0.ClkTimeout_1  = 0
   0.AckErr_1      = 0
   0.RxFull_1      = 0
   0.TxEmpty_1     = 0
   0.RxHasData_1   = 0
   0.TxHasSpace_1  = 0
   0.RxHalf_1      = 0
   0.TxHalf_1      = 0
   0.TransDone_1   = 0
   0.TransActive_1 = 0
 DatLen
   0.DataLen_16    = 0
 Addr
   0.SlaveAddr_7   = 0
 ClkDiv
   0.ClkDiv_16     = 0
 Delay
   0.Fall2Out_16   = 0
   0.Rise2In_16    = 0
 ClkStr
   0.TimeOut_16    = 0
Iic1:
+ Grab regs
   1.Cntl    = 0x00000000
   1.Stat    = 0x00000000
   1.DatLen  = 0x00000000
   1.Addr    = 0x00000000
   1.ClkDiv  = 0x00000000
   1.Delay   = 0x00000000
   1.ClkStr  = 0x00000000
 Cntl
   1.IicEnable_1   = 0
   1.IrqRxHalf_1   = 0
   1.IrqTxHalf_1   = 0
   1.IrqDone_1     = 0
   1.StartTrans_1  = 0
   1.ClearFifo_2   = 0
   1.ReadPacket_1  = 0
 Stat
   1.ClkTimeout_1  = 0
   1.AckErr_1      = 0
   1.RxFull_1      = 0
   1.TxEmpty_1     = 0
   1.RxHasData_1   = 0
   1.TxHasSpace_1  = 0
   1.RxHalf_1      = 0
   1.TxHalf_1      = 0
   1.TransDone_1   = 0
   1.TransActive_1 = 0
 DatLen
   1.DataLen_16    = 0
 Addr
   1.SlaveAddr_7   = 0
 ClkDiv
   1.ClkDiv_16     = 0
 Delay
   1.Fall2Out_16   = 0
   1.Rise2In_16    = 0
 ClkStr
   1.TimeOut_16    = 0
Iic2:
+ Grab regs
   2.Cntl    = 0x00000000
   2.Stat    = 0x00000000
   2.DatLen  = 0x00000000
   2.Addr    = 0x00000000
   2.ClkDiv  = 0x00000000
   2.Delay   = 0x00000000
   2.ClkStr  = 0x00000000
 Cntl
   2.IicEnable_1   = 0
   2.IrqRxHalf_1   = 0
   2.IrqTxHalf_1   = 0
   2.IrqDone_1     = 0
   2.StartTrans_1  = 0
   2.ClearFifo_2   = 0
   2.ReadPacket_1  = 0
 Stat
   2.ClkTimeout_1  = 0
   2.AckErr_1      = 0
   2.RxFull_1      = 0
   2.TxEmpty_1     = 0
   2.RxHasData_1   = 0
   2.TxHasSpace_1  = 0
   2.RxHalf_1      = 0
   2.TxHalf_1      = 0
   2.TransDone_1   = 0
   2.TransActive_1 = 0
 DatLen
   2.DataLen_16    = 0
 Addr
   2.SlaveAddr_7   = 0
 ClkDiv
   2.ClkDiv_16     = 0
 Delay
   2.Fall2Out_16   = 0
   2.Rise2In_16    = 0
 ClkStr
   2.TimeOut_16    = 0
