Modify:
Bit  Mode  Function
  0  In    input
  1  In    input
  2  In    input
  3  In    input
  4  In    input
  5  In    input
  6  In    input
  7  In    input
  8  In    input
  9  In    input
 10  In    input
 11  In    input
 12  In    input
 13  In    input
 14  In    input
 15  In    input
 16  In    input
 17  In    input
 18  In    input
 19  In    input
 20  In    input
 21  In    input
 22  In    input
 23  In    input
 24  In    input
 25  In    input
 26  In    input
 27  In    input
 28  In    input
 29  In    input
 30  In    input
 31  In    input
 32  In    input
 33  In    input
 34  In    input
 35  In    input
 36  In    input
 37  In    input
 38  In    input
 39  In    input
 40  In    input
 41  In    input
 42  In    input
 43  In    input
 44  In    input
 45  In    input
 46  In    input
 47  In    input
 48  In    input
 49  In    input
 50  In    input
 51  In    input
 52  In    input
 53  In    input
