Bit  Alt0        Alt1        Alt2        Alt3        Alt4        Alt5       
  0  iic0_SDA    sA5         --          **          **          **         
  1  iic0_SCL    sA4         --          **          **          **         
  2  iic1_SDA    sA3         --          **          **          **         
  3  iic1_SCL    sA2         --          **          **          **         
  4  gp_CLK0     sA1         --          **          **          arm_TDI    
  5  gp_CLK1     sA0         --          **          **          arm_TDO    
  6  gp_CLK2     sOEn/sE     --          **          **          arm_RTCK   
  7  spi0_CE1_n  sWEn/RWn    --          **          **          **         
  8  spi0_CE0_n  sD0         --          **          **          **         
  9  spi0_MISO   sD1         --          **          **          **         
 10  spi0_MOSI   sD2         --          **          **          **         
 11  spi0_SCLK   sD3         --          **          **          **         
 12  PWM0        sD4         --          **          **          arm_TMS    
 13  PWM1        sD5         --          **          **          arm_TCK    
 14  u0_TXD      sD6         --          **          **          u1_TXD     
 15  u0_RXD      sD7         --          **          **          u1_RXD     
 16  --          sD8         --          u0_CTS      spi1_CE2_n  u1_CTS     
 17  --          sD9         --          u0_RTS      spi1_CE1_n  u1_RTS     
 18  pcm_CLK     sD10        --          bscMOSI     spi1_CE0_n  PWM0       
 19  pcm_FS      sD11        --          bscSCLK     spi1_MISO   PWM1       
 20  pcm_DIN     sD12        --          bscMISO     spi1_MOSI   gp_CLK0    
 21  pcm_DOUT    sD13        --          bscCE_n     spi1_SCLK   gp_CLK1    
 22  --          sD14        --          sd1_CLK     arm_TRST    **         
 23  --          sD15        --          sd1_CMD     arm_RTCK    **         
 24  --          sD16        --          sd1_DAT0    arm_TDO     **         
 25  --          sD17        --          sd1_DAT1    arm_TCK     **         
 26  --          --          --          sd1_DAT2    arm_TDI     **         
 27  --          --          --          sd1_DAT3    arm_TMS     **         
 28  iic0_SDA    sA5         pcm_CLK     --          **          **         
 29  iic0_SCL    sA4         pcm_FS      --          **          **         
 30  --          sA3         pcm_DIN     u0_CTS      **          u1_CTS     
 31  --          sA2         pcm_DOUT    u0_RTS      **          u1_RTS     
 32  gp_CLK0     sA1         --          u0_TXD      **          u1_TXD     
 33  --          sA0         --          u0_RXD      **          u1_RXD     
 34  gp_CLK0     sOEn/sE     --          --          **          **         
 35  spi0_CE1_n  sWEn/RWn    **          --          **          **         
 36  spi0_CE0_n  sD0         u0_TXD      --          **          **         
 37  spi0_MISO   sD1         u0_RXD      --          **          **         
 38  spi0_MOSI   sD2         u0_RTS      --          **          **         
 39  spi0_SCLK   sD3         u0_CTS      --          **          **         
 40  PWM0        sD4         **          --          spi2_MISO   u1_TXD     
 41  PWM1        sD5         --          --          spi2_MOSI   u1_RXD     
 42  gp_CLK1     sD6         --          --          spi2_SCLK   u1_RTS     
 43  gp_CLK2     sD7         --          --          spi2_CE0_n  u1_CTS     
 44  gp_CLK1     iic0_SDA    iic1_SDA    --          spi2_CE1_n  **         
 45  PWM1        iic0_SCL    iic1_SCL    --          spi2_CE2_n  **         
 46  --          **          **          **          **          **         
 47  --          **          **          **          **          **         
 48  --          **          **          **          **          **         
 49  --          **          **          **          **          **         
 50  --          **          **          **          **          **         
 51  --          **          **          **          **          **         
 52  --          **          **          **          **          **         
 53  --          **          **          **          **          **         
